constants/images.ts(1,18): error TS2307: Cannot find module '@/assets/images/logo.png' or its corresponding type declarations.
